# 
# Steps log generated by v++
# This log file contains a collection of steps that describe the kernel compilation flow
# Note: Some steps are tagged as internal, these steps are for debugging purposes and 
#       are not expected to be able to run independently.
# 

# The following environment variables are set when running vitis-run
Environment variables :
------------------------------------------
ALLUSERSPROFILE=C:\ProgramData
APPDATA=C:\Users\mauro\AppData\Roaming
arr.length=0
arr.Ubound=-1
CABAL_DIR=C:\cabal
CHARPOP=1
CMAKE_OBJECT_PATH_MAX=4096
CommonProgramFiles=C:\Program Files\Common Files
CommonProgramFiles(x86)=C:\Program Files (x86)\Common Files
CommonProgramW6432=C:\Program Files\Common Files
COMPUTERNAME=DESKTOP-JAS8OAQ
ComSpec=C:\WINDOWS\system32\cmd.exe
DokanLibrary1=C:\Program Files\Dokan\Dokan Library-1.5.1\
DokanLibrary1_LibraryPath_x64=C:\Program Files\Dokan\Dokan Library-1.5.1\lib\
DokanLibrary1_LibraryPath_x86=C:\Program Files\Dokan\Dokan Library-1.5.1\x86\lib\
DriverData=C:\Windows\System32\Drivers\DriverData
EFC_24936_1262719628=1
EFC_24936_1592913036=1
EFC_24936_2283032206=1
EFC_24936_2775293581=1
EFC_24936_3789132940=1
EFC_24936_4126798990=1
FPS_BROWSER_APP_PROFILE_STRING=Internet Explorer
FPS_BROWSER_USER_PROFILE_STRING=Default
GHCUP_INSTALL_BASE_PREFIX=C:\
GHCUP_MSYS2_ENV=MINGW64
HDI_APPROOT=C:/AMDDesignTools/2025.2/Vitis
HDI_PROCESSOR=i686
HOMEDRIVE=C:
HOMEPATH=\Users\mauro
HW_SERVER_DJTG_DISABLE=1
HW_SERVER_FTDIMGR_DISABLE=1
IDE_SKIP_SERVER_LICENSE=1
INT_VARIABLE_NAME=XILINX_PATH
ISL_IOSTREAMS_RSA=C:/AMDDesignTools/2025.2/Vitis/tps/isl
JAVA_EXE=C:/AMDDesignTools/2025.2/Vitis\tps\win64\jre21.0.5_11\bin\java.exe
JAVA_HOME=C:/AMDDesignTools/2025.2/Vitis\tps\win64\jre21.0.5_11
LC_NUMERIC=C
LOCALAPPDATA=C:\Users\mauro\AppData\Local
LOGONSERVER=\\DESKTOP-JAS8OAQ
LOPPER_DTC_FLAGS=-b 0 -@
NOSPLASH=false
NUMBER_OF_PROCESSORS=16
OneDrive=C:\Users\mauro\OneDrive
ORIGINAL_XDG_CURRENT_DESKTOP=undefined
OS=Windows_NT
PATH=C:/AMDDesignTools/2025.2/Vivado/tps/win64/binutils-2.26/bin;C:/AMDDesignTools/2025.2/Vitis/bin/../gnu/aarch64/nt/aarch64-linux/bin;C:/AMDDesignTools/2025.2/Vitis/bin/../gnu/ppc64le/4.9.3/win64/bin;C:/AMDDesignTools/2025.2/Vitis/bin/../gnu/aarch32/nt/gcc-arm-linux-gnueabi/bin;C:/AMDDesignTools/2025.2/Vitis/tps/mingw/6.2.0/win64.o/nt/bin;C:/AMDDesignTools/2025.2/Vivado\gnuwin\bin;C:/AMDDesignTools/2025.2/Vivado\gnu\microblaze\nt\bin;C:/AMDDesignTools/2025.2/Vitis/bin;C:/AMDDesignTools/2025.2/Vitis\tps\win64;C:/AMDDesignTools/2025.2/Vitis/tps/win64/java-cef-95.0.4638.69/bin/lib/win64;C:/AMDDesignTools/2025.2/Vitis/tps/win64/javafx-sdk-11.0.2/lib;C:/AMDDesignTools/2025.2/Vitis/tps/win64/javafx-sdk-11.0.2/bin;C:/AMDDesignTools/2025.2/Vitis/lib/win64.o;C:/AMDDesignTools/2025.2/Vitis/tps/win64/jre11.0.16_1/bin/server;C:/AMDDesignTools/2025.2/Vitis/tps/win64/jre11.0.16_1/bin;C:/AMDDesignTools/2025.2/Vitis\tps\win64\cmake-3.24.2\bin;C:/AMDDesignTools/2025.2/Vitis\gnu\microblaze\nt\bin;C:/AMDDesignTools/2025.2/Vitis\gnu\microblaze\linux_toolchain\nt64_le\bin;C:/AMDDesignTools/2025.2/Vitis\gnu\aarch32\nt\gcc-arm-linux-gnueabi\bin;C:/AMDDesignTools/2025.2/Vitis\gnu\aarch32\nt\gcc-arm-none-eabi\bin;C:/AMDDesignTools/2025.2/Vitis\gnu\aarch64\nt\aarch64-linux\bin;C:/AMDDesignTools/2025.2/Vitis\gnu\aarch64\nt\aarch64-none\bin;C:/AMDDesignTools/2025.2/Vitis\gnu\armr5\nt\gcc-arm-none-eabi\bin;C:/AMDDesignTools/2025.2/Vitis\gnuwin\bin;C:/AMDDesignTools/2025.2/Vitis\tps\win64\python-3.13.0;C:/AMDDesignTools/2025.2/Vitis\tps\win64\jre21.0.5_11\bin;C:/AMDDesignTools/2025.2/Vitis\tps\win64\libxslt\bin;C:/AMDDesignTools/2025.2/Vitis\gnu\arm\nt\bin;C:/AMDDesignTools/2025.2/Vitis\gnu\microblaze\linux_toolchain\nt64_be\bin;C:/AMDDesignTools/2025.2/Vitis\gnu\riscv\nt\bin;C:/AMDDesignTools/2025.2/Vitis\gnu\riscv\linux_toolchain\nt64\bin;C:/AMDDesignTools/2025.2/Vitis\gnu\riscv\linux_toolchain\nt32\bin;C:/AMDDesignTools/2025.2/Vivado\tps\win64\python-3.13.0;C:/AMDDesignTools/2025.2/Vivado\tps\win64\git-2.50.0\bin;C:/AMDDesignTools/2025.2/Vivado\tps\win64\cmake-3.24.2\bin;C:/AMDDesignTools/2025.2/Vitis/win64/tools/vcxx\libexec;C:/AMDDesignTools/2025.2/Vivado\tps\win64\jre21.0.5_11\bin;C:/AMDDesignTools/2025.2/Vivado\tps\win64\libxslt/bin;C:\Program Files\Common Files\Oracle\Java\javapath;C:\WINDOWS\system32;C:\WINDOWS;C:\WINDOWS\System32\Wbem;C:\WINDOWS\System32\WindowsPowerShell\v1.0\;C:\WINDOWS\System32\OpenSSH\;C:\Program Files\Microsoft SQL Server\150\Tools\Binn\;C:\Program Files\Microsoft SQL Server\Client SDK\ODBC\170\Tools\Binn\;C:\Program Files\dotnet\;C:\Program Files\Git\cmd;C:\Program Files\Autofirma\Autofirma;C:\Program Files (x86)\Windows Kits\10\Windows Performance Toolkit\;C:\Program Files\CMake\bin;C:\Program Files\nodejs\;C:\Program Files\SlikSvn\bin;C:\Users\mauro\AppData\Local\Programs\Python\Python312\Scripts\;C:\Users\mauro\AppData\Local\Programs\Python\Python312\;C:\Users\mauro\AppData\Local\Programs\Python\Launcher\;C:\Users\mauro\AppData\Local\GitHubDesktop\bin;C:\Users\mauro\PYTHON_IA\lab2\aima-python;C:\Program Files\MySQL\MySQL Shell 8.0\bin\;C:\Users\mauro\AppData\Local\Microsoft\WindowsApps;C:\ghcup\bin;C:\Users\mauro\AppData\Local\Programs\Microsoft VS Code\bin;C:\Program Files\swipl\bin;C:\Users\mauro\AppData\Local\Programs\MiKTeX\miktex\bin\x64\;C:\Users\mauro\AppData\Roaming\npm;C:\Users\mauro\.dotnet\tools;C:/AMDDesignTools/2025.2/Vitis\tps\mingw\6.2.0\win64.o\nt\bin;C:/AMDDesignTools/2025.2/Vitis\tps\mingw\6.2.0\win64.o\nt\libexec\gcc\x86_64-w64-mingw32\6.2.0
PATHEXT=.COM;.EXE;.BAT;.CMD;.VBS;.VBE;.JS;.JSE;.WSF;.WSH;.MSC
PROCESSOR_ARCHITECTURE=AMD64
PROCESSOR_IDENTIFIER=AMD64 Family 25 Model 80 Stepping 0, AuthenticAMD
PROCESSOR_LEVEL=25
PROCESSOR_REVISION=5000
PRODVERSION_EXE=C:/AMDDesignTools/2025.2/Vitis/bin/unwrapped/win64.o/prodversion.exe
ProgramData=C:\ProgramData
ProgramFiles=C:\Program Files
ProgramFiles(x86)=C:\Program Files (x86)
ProgramW6432=C:\Program Files
PROMPT=$P$G
PSModulePath=C:\Program Files\WindowsPowerShell\Modules;C:\WINDOWS\system32\WindowsPowerShell\v1.0\Modules
PUBLIC=C:\Users\Public
PYTHONPATH=C:/AMDDesignTools/2025.2/Vitis\cli;C:/AMDDesignTools/2025.2/Vitis\cli\python-packages\win64;C:/AMDDesignTools/2025.2/Vitis\cli\python-packages\site-packages;C:/AMDDesignTools/2025.2/Vitis\cli\proto;C:/AMDDesignTools/2025.2/Vitis\scripts\python_pkg;
python_path=C:/AMDDesignTools/2025.2/Vitis\cli;C:/AMDDesignTools/2025.2/Vitis\cli\python-packages\win64;C:/AMDDesignTools/2025.2/Vitis\cli\python-packages\site-packages;C:/AMDDesignTools/2025.2/Vitis\cli\proto;C:/AMDDesignTools/2025.2/Vitis\scripts\python_pkg;
RDI_APPROOT=C:/AMDDesignTools/2025.2/Vitis
RDI_ARGS= --mode hls --csim --config C:\Users\mauro\Articulo-BP-OSD\hls\OSD_hls\hls_config.cfg --work_dir "void decode(bit_t synd_in[N], value_t prob_ini_in[M], bit_t sol[M])"
RDI_ARGS_FUNCTION=RDI_EXEC_DEFAULT
RDI_BASEROOT=C:/AMDDesignTools/2025.2
RDI_BINDIR=C:/AMDDesignTools/2025.2/Vitis/bin
RDI_BINROOT=C:/AMDDesignTools/2025.2/Vitis/bin
RDI_BUILD=yes
RDI_CHECK_PROG=True
RDI_DATADIR=C:/AMDDesignTools/2025.2/Vitis/data
RDI_INSTALLROOT=C:/AMDDesignTools
RDI_INSTALLVER=Vitis
RDI_INSTALLVERSION=2025.2
RDI_JAVACEFROOT=C:/AMDDesignTools/2025.2/Vitis/tps/win64/java-cef-95.0.4638.69
RDI_JAVAFXROOT=C:/AMDDesignTools/2025.2/Vitis/tps/win64/javafx-sdk-11.0.2
RDI_JAVAROOT=C:/AMDDesignTools/2025.2/Vitis/tps/win64/jre11.0.16_1
RDI_JAVA_VERSION=11.0.16_1
RDI_LIBDIR=C:/AMDDesignTools/2025.2/Vitis/lib/win64.o
RDI_MINGW_LIB=C:/AMDDesignTools/2025.2/Vitis\tps\mingw\6.2.0\win64.o\nt\bin;C:/AMDDesignTools/2025.2/Vitis\tps\mingw\6.2.0\win64.o\nt\libexec\gcc\x86_64-w64-mingw32\6.2.0
RDI_OPT_EXT=.o
RDI_OS_ARCH=64
RDI_PLATFORM=win64
RDI_PREPEND_PATH=C:/AMDDesignTools/2025.2/Vitis/bin
RDI_PROG=C:/AMDDesignTools/2025.2/Vitis/bin/unwrapped/win64.o/vitis-run.exe
RDI_PROGNAME=vitis-run.exe
RDI_SESSION_INFO=C:\AMDDesignTools\2025.2\Vitis\bin:DESKTOP-JAS8OAQ-28-08-2026_16-54-03,12
RDI_SHARED_DATA=C:/AMDDesignTools/SharedData/2025.2/data
RDI_TEMPINSTALL=C:\AMDDesignTools\2025.2
RDI_TPS_ROOT=C:/AMDDesignTools/2025.2/Vivado/tps/win64
RDI_USE_JDK11=1
RDI_VERBOSE=False
RT_LIBPATH=C:/AMDDesignTools/2025.2/Vitis/scripts/rt/data
RT_TCL_PATH=C:/AMDDesignTools/2025.2/Vitis/scripts/rt/base_tcl/tcl
SESSIONNAME=Console
session_string=C:\Users\mauro\Articulo-BP-OSD\hls\OSD_hls:DESKTOP-JAS8OAQ-28-08-2026_17-12-27,61
supports_classic_ide=true
SYNTH_COMMON=C:/AMDDesignTools/2025.2/Vitis/scripts/rt/data
SystemDrive=C:
SystemRoot=C:\WINDOWS
TCL_LIBRARY=C:/AMDDesignTools/2025.2/Vitis/tps/tcl/tcl8.6
TCMALLOC_LARGE_ALLOC_REPORT_THRESHOLD=4294967296
TEMP=C:\Users\mauro\AppData\Local\Temp
THEIA_APP_PROJECT_PATH=C:\AMDDesignTools\2025.2\Vitis\ide\electron-app\win64\resources\app
THEIA_DEFAULT_PLUGINS=local-dir:C:\AMDDesignTools\2025.2\Vitis\ide\electron-app\win64\resources\app\plugins
THEIA_ELECTRON_TOKEN={"value":"597d3c4d-beea-4bdf-88dd-36a289100826"}
THEIA_ELECTRON_VERSION=30.1.2
THEIA_PLUGINS=local-dir:C:\Users\mauro\.theia\plugins
TMP=C:\Users\mauro\AppData\Local\Temp
tooldir=tps\win64\git-2.50.0
TOOLS_CLANGD=C:/AMDDesignTools/2025.2/Vitis/win64/tools/vcxx\libexec
TPS_CMAKE=C:/AMDDesignTools/2025.2/Vivado\tps\win64\cmake-3.24.2
TPS_GIT=C:/AMDDesignTools/2025.2/Vivado\tps\win64\git-2.50.0
TPS_LIBXSLT=C:/AMDDesignTools/2025.2/Vivado\tps\win64\libxslt
TPS_PYTHON=C:/AMDDesignTools/2025.2/Vivado\tps\win64\python-3.13.0
USERDOMAIN=DESKTOP-JAS8OAQ
USERDOMAIN_ROAMINGPROFILE=DESKTOP-JAS8OAQ
USERNAME=mauro
USERPROFILE=C:\Users\mauro
VALIDATE_ARGS="False"
VBOX_MSI_INSTALL_PATH=C:\Program Files\Oracle\VirtualBox\
VITISNEW=true
VSCODE_API_VERSION=1.99.3
windir=C:\WINDOWS
XILINX_HLS=C:/AMDDesignTools/2025.2/Vitis
XILINX_PLANAHEAD=C:/AMDDesignTools/2025.2/Vitis
XILINX_SDK=C:/AMDDesignTools/2025.2/Vitis
XILINX_VCXX=C:/AMDDesignTools/2025.2/Vitis/win64/tools/vcxx
XILINX_VERSION_DEFAULT=2025.2
XILINX_VERSION_VITIS=2025.2
XILINX_VITIS=C:/AMDDesignTools/2025.2/Vitis
XILINX_VITIS_GIT=C:/AMDDesignTools/2025.2/Vivado\tps\win64\git-2.50.0\bin
XILINX_VITIS_VERSION=Vitis v2025.2 (64-bit)
XILINX_VIVADO=C:/AMDDesignTools/2025.2/Vivado
XIL_CHECK_TCL_DEBUG=False
XIL_NO_OVERRIDE=0
XIL_SUPPRESS_OVERRIDE_WARNINGS=1
XVREDIST=C:/AMDDesignTools/2025.2/Vitis\tps\win64\xvcredist.exe
_RDI_BINROOT=C:\AMDDesignTools\2025.2\Vitis\bin
_RDI_CWD=C:\Users\mauro\Articulo-BP-OSD\hls\OSD_hls
_RDI_DONT_SET_XILINX_AS_PATH=True
_RDI_VERSION_PROG=vitis-run
_valid=False
__PSLockDownPolicy=0
XILINX_CD_CONNECT_ID=60980
XILINX_CD_SESSION=e810c5d9-b01e-4401-a240-68df4b7a9447


VITIS-RUN command line:
------------------------------------------
C:/AMDDesignTools/2025.2/Vitis/bin/unwrapped/win64.o/vitis-run.exe --mode hls --csim --config C:\Users\mauro\Articulo-BP-OSD\hls\OSD_hls\hls_config.cfg --work_dir void decode(bit_t synd_in[N], value_t prob_ini_in[M], bit_t sol[M]) 

FINAL PROGRAM OPTIONS
--config C:\Users\mauro\Articulo-BP-OSD\hls\OSD_hls\hls_config.cfg
--csim
--hls.flow_target vivado
--hls.package.output.format ip_catalog
--hls.package.output.syn false
--hls.sim.O 0
--hls.syn.file ../OSD.cpp
--hls.syn.file ../H.h
--hls.syn.file ../H1.h
--hls.syn.file ../OSD.h
--hls.syn.top void decode(bit_t synd_in[N], value_t prob_ini_in[M], bit_t sol[M])
--hls.tb.file ../input.txt
--hls.tb.file ../OSD_tb.cpp
--hls.tb.file ../testbench_OSD.txt
--mode hls
--part xc7v2000tfhg1761-2
--work_dir void decode(bit_t synd_in[N], value_t prob_ini_in[M], bit_t sol[M])

PARSED COMMAND LINE OPTIONS
--mode hls 
--csim 
--config C:\Users\mauro\Articulo-BP-OSD\hls\OSD_hls\hls_config.cfg 
--work_dir void decode(bit_t synd_in[N], value_t prob_ini_in[M], bit_t sol[M]) 

PARSED CONFIG FILE (1) OPTIONS
file: C:\Users\mauro\Articulo-BP-OSD\hls\OSD_hls\hls_config.cfg
part xc7v2000tfhg1761-2 
hls.flow_target vivado 
hls.package.output.format ip_catalog 
hls.package.output.syn false 
hls.syn.top void decode(bit_t synd_in[N], value_t prob_ini_in[M], bit_t sol[M]) 
hls.syn.file ../OSD.cpp 
hls.syn.file ../H.h 
hls.syn.file ../H1.h 
hls.syn.file ../OSD.h 
hls.tb.file ../input.txt 
hls.tb.file ../OSD_tb.cpp 
hls.tb.file ../testbench_OSD.txt 
hls.sim.O 0 


==========================================
new:  steps log generated by v++ for new launch 
timestamp: 28 Aug 2026 17:12:32
