08/28/26 17:12:29: Running xcd server. This server was built by gradle.
08/28/26 17:12:29: Server was asked to start on port: '60980'
08/28/26 17:12:29: Server is using token UUID: 'e1322e84-8237-47a8-977b-35c4a935a47c'
08/28/26 17:12:29: SESSION_MGR: creating session with session uuid: '6d04a3e9-ade5-4ab9-8d63-1f78fcd2ec76' and name 'default'
08/28/26 17:12:29: Attempting to start server on port '60980'
08/28/26 17:12:29: Running Dispatch Server
08/28/26 17:12:29: Version 2.2.0
08/28/26 17:12:31: Dispatch Server: Accepted socket connection from client
08/28/26 17:12:31: Starting Socket connection
08/28/26 17:12:31: EXCHANGE_TOKEN received, server token: e1322e84-8237-47a8-977b-35c4a935a47c, passed token: e1322e84-8237-47a8-977b-35c4a935a47c
08/28/26 17:12:32: DISPATCH_HANDLER: Adding handler from function makeHandler in library xv_system_diagram
08/28/26 17:12:32: SESSION_MGR: creating session with session uuid: 'e810c5d9-b01e-4401-a240-68df4b7a9447' and name 'vitis-run_compile_void decode(bit_t synd_in[N], value_t prob_ini_in[M], bit_t sol[M])'
08/28/26 17:12:32: KERNEL_SVC: creating session with uuid: 'e810c5d9-b01e-4401-a240-68df4b7a9447' and name 'vitis-run_compile_void decode(bit_t synd_in[N], value_t prob_ini_in[M], bit_t sol[M])'
08/28/26 17:12:32: GUIDANCE_SMGR: creating guidance session with uuid: 'e810c5d9-b01e-4401-a240-68df4b7a9447' and name 'vitis-run_compile_void decode(bit_t synd_in[N], value_t prob_ini_in[M], bit_t sol[M])'
08/28/26 17:12:32: SYSTEM_DIAGRAM: creating session with uuid: 'e810c5d9-b01e-4401-a240-68df4b7a9447' and name 'vitis-run_compile_void decode(bit_t synd_in[N], value_t prob_ini_in[M], bit_t sol[M])'
08/28/26 17:12:37: SESSION_MGR: closing session for UUID 'e810c5d9-b01e-4401-a240-68df4b7a9447' with name 'vitis-run_compile_void decode(bit_t synd_in[N], value_t prob_ini_in[M], bit_t sol[M])'
08/28/26 17:12:37: KERNEL_SVC: closing session for UUID 'e810c5d9-b01e-4401-a240-68df4b7a9447' with name 'vitis-run_compile_void decode(bit_t synd_in[N], value_t prob_ini_in[M], bit_t sol[M])'
08/28/26 17:12:37: GUIDANCE_SMGR: closing session for UUID 'e810c5d9-b01e-4401-a240-68df4b7a9447' with name 'vitis-run_compile_void decode(bit_t synd_in[N], value_t prob_ini_in[M], bit_t sol[M])'
08/28/26 17:12:37: SYSTEM_DIAGRAM: closing session for UUID 'e810c5d9-b01e-4401-a240-68df4b7a9447' with name 'vitis-run_compile_void decode(bit_t synd_in[N], value_t prob_ini_in[M], bit_t sol[M])'
08/28/26 17:12:37: STOP_SERVER received, server token: e1322e84-8237-47a8-977b-35c4a935a47c, passed token: e1322e84-8237-47a8-977b-35c4a935a47c
08/28/26 17:12:37: Socket received request to stop server.
08/28/26 17:12:37: Dispatch Server: do_await_stop
08/28/26 17:12:37: SERVER: destructor for server bound to port 60980
